<?xml version="1.0" encoding="ISO-8859-1" ?>
<link_info>
   <banner>TMS320C2000 Linker PC v22.6.1.LTS</banner>
   <copyright>Copyright (c) 1996-2018 Texas Instruments Incorporated</copyright>
   <link_time>0x66fa582a</link_time>
   <link_errors>0x0</link_errors>
   <output_file>week2.out</output_file>
   <entry_point>
      <name>_c_int00</name>
      <address>0x400</address>
   </entry_point>
   <input_file_list>
      <input_file id="fl-2">
         <path>.\</path>
         <kind>object</kind>
         <file>Timer1_interrupt.obj</file>
         <name>Timer1_interrupt.obj</name>
      </input_file>
      <input_file id="fl-3">
         <path>.\</path>
         <kind>object</kind>
         <file>Timer2_interrupt.obj</file>
         <name>Timer2_interrupt.obj</name>
      </input_file>
      <input_file id="fl-4">
         <path>.\</path>
         <kind>object</kind>
         <file>source_main.obj</file>
         <name>source_main.obj</name>
      </input_file>
      <input_file id="fl-5">
         <path>.\</path>
         <kind>object</kind>
         <file>source_vectors_377.obj</file>
         <name>source_vectors_377.obj</name>
      </input_file>
      <input_file id="fl-9">
         <kind>object</kind>
         <file>&lt;internal&gt;</file>
         <name>&lt;internal&gt;</name>
      </input_file>
   </input_file_list>
   <object_component_list>
      <object_component id="oc-11">
         <name>.text</name>
         <load_address>0x400</load_address>
         <run_address>0x400</run_address>
         <size>0x163</size>
         <input_file_ref idref="fl-4"/>
      </object_component>
      <object_component id="oc-c">
         <name>.text</name>
         <load_address>0x563</load_address>
         <run_address>0x563</run_address>
         <size>0xd4</size>
         <input_file_ref idref="fl-3"/>
      </object_component>
      <object_component id="oc-7">
         <name>.text</name>
         <load_address>0x637</load_address>
         <run_address>0x637</run_address>
         <size>0x1f</size>
         <input_file_ref idref="fl-2"/>
      </object_component>
      <object_component id="oc-16">
         <name>PieVectTable</name>
         <load_address>0xd02</load_address>
         <run_address>0xd02</run_address>
         <size>0x1be</size>
         <input_file_ref idref="fl-5"/>
      </object_component>
      <object_component id="oc-8">
         <name>.debug_line</name>
         <load_address>0x0</load_address>
         <run_address>0x0</run_address>
         <size>0x55</size>
         <input_file_ref idref="fl-2"/>
      </object_component>
      <object_component id="oc-d">
         <name>.debug_line</name>
         <load_address>0x55</load_address>
         <run_address>0x55</run_address>
         <size>0xb0</size>
         <input_file_ref idref="fl-3"/>
      </object_component>
      <object_component id="oc-12">
         <name>.debug_line</name>
         <load_address>0x105</load_address>
         <run_address>0x105</run_address>
         <size>0x16e</size>
         <input_file_ref idref="fl-4"/>
      </object_component>
      <object_component id="oc-9">
         <name>.debug_info</name>
         <load_address>0x0</load_address>
         <run_address>0x0</run_address>
         <size>0xd8</size>
         <input_file_ref idref="fl-2"/>
      </object_component>
      <object_component id="oc-e">
         <name>.debug_info</name>
         <load_address>0xd8</load_address>
         <run_address>0xd8</run_address>
         <size>0xd9</size>
         <input_file_ref idref="fl-3"/>
      </object_component>
      <object_component id="oc-13">
         <name>.debug_info</name>
         <load_address>0x1b1</load_address>
         <run_address>0x1b1</run_address>
         <size>0xcf</size>
         <input_file_ref idref="fl-4"/>
      </object_component>
      <object_component id="oc-25">
         <name>.debug_info</name>
         <load_address>0x280</load_address>
         <run_address>0x280</run_address>
         <size>0x9c</size>
      </object_component>
      <object_component id="oc-a">
         <name>.debug_abbrev</name>
         <load_address>0x0</load_address>
         <run_address>0x0</run_address>
         <size>0x21</size>
         <input_file_ref idref="fl-2"/>
      </object_component>
      <object_component id="oc-f">
         <name>.debug_abbrev</name>
         <load_address>0x21</load_address>
         <run_address>0x21</run_address>
         <size>0x21</size>
         <input_file_ref idref="fl-3"/>
      </object_component>
      <object_component id="oc-14">
         <name>.debug_abbrev</name>
         <load_address>0x42</load_address>
         <run_address>0x42</run_address>
         <size>0x21</size>
         <input_file_ref idref="fl-4"/>
      </object_component>
      <object_component id="oc-26">
         <name>.debug_abbrev</name>
         <load_address>0x63</load_address>
         <run_address>0x63</run_address>
         <size>0xf</size>
      </object_component>
      <object_component id="oc-b">
         <name>.debug_aranges</name>
         <load_address>0x0</load_address>
         <run_address>0x0</run_address>
         <size>0x20</size>
         <input_file_ref idref="fl-2"/>
      </object_component>
      <object_component id="oc-10">
         <name>.debug_aranges</name>
         <load_address>0x20</load_address>
         <run_address>0x20</run_address>
         <size>0x20</size>
         <input_file_ref idref="fl-3"/>
      </object_component>
      <object_component id="oc-15">
         <name>.debug_aranges</name>
         <load_address>0x40</load_address>
         <run_address>0x40</run_address>
         <size>0x20</size>
         <input_file_ref idref="fl-4"/>
      </object_component>
   </object_component_list>
   <logical_group_list>
      <logical_group id="lg-2" display="no" color="cyan">
         <name>.reset</name>
         <run_address>0x0</run_address>
         <size>0x0</size>
         <contents>
         </contents>
      </logical_group>
      <logical_group id="lg-3" display="no" color="cyan">
         <name>.text</name>
         <load_address>0x400</load_address>
         <run_address>0x400</run_address>
         <size>0x256</size>
         <contents>
            <object_component_ref idref="oc-11"/>
            <object_component_ref idref="oc-c"/>
            <object_component_ref idref="oc-7"/>
         </contents>
      </logical_group>
      <logical_group id="lg-4" display="no" color="cyan">
         <name>codestart</name>
         <run_address>0x0</run_address>
         <size>0x0</size>
         <contents>
         </contents>
      </logical_group>
      <logical_group id="lg-5" display="no" color="cyan">
         <name>PieVectTable</name>
         <load_address>0xd02</load_address>
         <run_address>0xd02</run_address>
         <size>0x1be</size>
         <contents>
            <object_component_ref idref="oc-16"/>
         </contents>
      </logical_group>
      <logical_group id="lg-1b" display="never" color="cyan">
         <name>.debug_line</name>
         <load_address>0x0</load_address>
         <run_address>0x0</run_address>
         <size>0x273</size>
         <contents>
            <object_component_ref idref="oc-8"/>
            <object_component_ref idref="oc-d"/>
            <object_component_ref idref="oc-12"/>
         </contents>
      </logical_group>
      <logical_group id="lg-1d" display="never" color="cyan">
         <name>.debug_info</name>
         <load_address>0x0</load_address>
         <run_address>0x0</run_address>
         <size>0x31c</size>
         <contents>
            <object_component_ref idref="oc-9"/>
            <object_component_ref idref="oc-e"/>
            <object_component_ref idref="oc-13"/>
            <object_component_ref idref="oc-25"/>
         </contents>
      </logical_group>
      <logical_group id="lg-1f" display="never" color="cyan">
         <name>.debug_abbrev</name>
         <load_address>0x0</load_address>
         <run_address>0x0</run_address>
         <size>0x72</size>
         <contents>
            <object_component_ref idref="oc-a"/>
            <object_component_ref idref="oc-f"/>
            <object_component_ref idref="oc-14"/>
            <object_component_ref idref="oc-26"/>
         </contents>
      </logical_group>
      <logical_group id="lg-21" display="never" color="cyan">
         <name>.debug_aranges</name>
         <load_address>0x0</load_address>
         <run_address>0x0</run_address>
         <size>0x60</size>
         <contents>
            <object_component_ref idref="oc-b"/>
            <object_component_ref idref="oc-10"/>
            <object_component_ref idref="oc-15"/>
         </contents>
      </logical_group>
   </logical_group_list>
   <placement_map>
      <memory_area display="yes" color="green">
         <name>RAMM0</name>
         <page_id>0x0</page_id>
         <origin>0x122</origin>
         <length>0x2de</length>
         <used_space>0x0</used_space>
         <unused_space>0x2de</unused_space>
         <attributes>RWIX</attributes>
         <usage_details>
         </usage_details>
      </memory_area>
      <memory_area display="yes" color="green">
         <name>RAMM1</name>
         <page_id>0x1</page_id>
         <origin>0x400</origin>
         <length>0x400</length>
         <used_space>0x256</used_space>
         <unused_space>0x1aa</unused_space>
         <attributes>RWIX</attributes>
         <usage_details>
            <allocated_space>
               <start_address>0x400</start_address>
               <size>0x256</size>
               <logical_group_ref idref="lg-3"/>
            </allocated_space>
            <available_space>
               <start_address>0x656</start_address>
               <size>0x1aa</size>
            </available_space>
         </usage_details>
      </memory_area>
      <memory_area display="yes" color="green">
         <name>PIE_VECT</name>
         <page_id>0x1</page_id>
         <origin>0xd02</origin>
         <length>0x200</length>
         <used_space>0x1be</used_space>
         <unused_space>0x42</unused_space>
         <attributes>RWIX</attributes>
         <usage_details>
            <allocated_space>
               <start_address>0xd02</start_address>
               <size>0x1be</size>
               <logical_group_ref idref="lg-5"/>
            </allocated_space>
            <available_space>
               <start_address>0xec0</start_address>
               <size>0x42</size>
            </available_space>
         </usage_details>
      </memory_area>
   </placement_map>
   <symbol_table>
      <symbol id="sm-0">
         <name>cinit</name>
         <value>0xffffffff</value>
      </symbol>
      <symbol id="sm-1">
         <name>___cinit__</name>
         <value>0xffffffff</value>
      </symbol>
      <symbol id="sm-2">
         <name>pinit</name>
         <value>0xffffffff</value>
      </symbol>
      <symbol id="sm-3">
         <name>___pinit__</name>
         <value>0xffffffff</value>
      </symbol>
      <symbol id="sm-4">
         <name>binit</name>
         <value>0xffffffff</value>
      </symbol>
      <symbol id="sm-5">
         <name>___binit__</name>
         <value>0xffffffff</value>
      </symbol>
      <symbol id="sm-6">
         <name>___c_args__</name>
         <value>0xffffffff</value>
      </symbol>
      <symbol id="sm-7">
         <name>.text</name>
         <value>0x400</value>
      </symbol>
      <symbol id="sm-8">
         <name>___text__</name>
         <value>0x400</value>
      </symbol>
      <symbol id="sm-9">
         <name>etext</name>
         <value>0x656</value>
      </symbol>
      <symbol id="sm-a">
         <name>___etext__</name>
         <value>0x656</value>
      </symbol>
      <symbol id="sm-b">
         <name>___TI_pprof_out_hndl</name>
         <value>0xffffffff</value>
      </symbol>
      <symbol id="sm-c">
         <name>___TI_prof_data_start</name>
         <value>0xffffffff</value>
      </symbol>
      <symbol id="sm-d">
         <name>___TI_prof_data_size</name>
         <value>0xffffffff</value>
      </symbol>
      <symbol id="sm-6ed">
         <name>PVECTORS_13</name>
         <value>0x637</value>
         <object_component_ref idref="oc-7"/>
      </symbol>
      <symbol id="sm-dbd">
         <name>PVECTORS_14</name>
         <value>0x563</value>
         <object_component_ref idref="oc-c"/>
      </symbol>
      <symbol id="sm-1491">
         <name>_c_int00</name>
         <value>0x400</value>
         <object_component_ref idref="oc-11"/>
      </symbol>
      <symbol id="sm-1492">
         <name>PVECTORS_218</name>
         <value>0x55d</value>
         <object_component_ref idref="oc-11"/>
      </symbol>
      <symbol id="sm-1493">
         <name>PVECTORS_219</name>
         <value>0x55e</value>
         <object_component_ref idref="oc-11"/>
      </symbol>
      <symbol id="sm-1494">
         <name>PVECTORS_210</name>
         <value>0x555</value>
         <object_component_ref idref="oc-11"/>
      </symbol>
      <symbol id="sm-1495">
         <name>PVECTORS_211</name>
         <value>0x556</value>
         <object_component_ref idref="oc-11"/>
      </symbol>
      <symbol id="sm-1496">
         <name>PVECTORS_212</name>
         <value>0x557</value>
         <object_component_ref idref="oc-11"/>
      </symbol>
      <symbol id="sm-1497">
         <name>PVECTORS_213</name>
         <value>0x558</value>
         <object_component_ref idref="oc-11"/>
      </symbol>
      <symbol id="sm-1498">
         <name>PVECTORS_214</name>
         <value>0x559</value>
         <object_component_ref idref="oc-11"/>
      </symbol>
      <symbol id="sm-1499">
         <name>PVECTORS_215</name>
         <value>0x55a</value>
         <object_component_ref idref="oc-11"/>
      </symbol>
      <symbol id="sm-149a">
         <name>PVECTORS_216</name>
         <value>0x55b</value>
         <object_component_ref idref="oc-11"/>
      </symbol>
      <symbol id="sm-149b">
         <name>PVECTORS_217</name>
         <value>0x55c</value>
         <object_component_ref idref="oc-11"/>
      </symbol>
      <symbol id="sm-149c">
         <name>PVECTORS_208</name>
         <value>0x553</value>
         <object_component_ref idref="oc-11"/>
      </symbol>
      <symbol id="sm-149d">
         <name>PVECTORS_209</name>
         <value>0x554</value>
         <object_component_ref idref="oc-11"/>
      </symbol>
      <symbol id="sm-149e">
         <name>PVECTORS_200</name>
         <value>0x54b</value>
         <object_component_ref idref="oc-11"/>
      </symbol>
      <symbol id="sm-149f">
         <name>PVECTORS_201</name>
         <value>0x54c</value>
         <object_component_ref idref="oc-11"/>
      </symbol>
      <symbol id="sm-14a0">
         <name>PVECTORS_202</name>
         <value>0x54d</value>
         <object_component_ref idref="oc-11"/>
      </symbol>
      <symbol id="sm-14a1">
         <name>PVECTORS_203</name>
         <value>0x54e</value>
         <object_component_ref idref="oc-11"/>
      </symbol>
      <symbol id="sm-14a2">
         <name>PVECTORS_204</name>
         <value>0x54f</value>
         <object_component_ref idref="oc-11"/>
      </symbol>
      <symbol id="sm-14a3">
         <name>PVECTORS_205</name>
         <value>0x550</value>
         <object_component_ref idref="oc-11"/>
      </symbol>
      <symbol id="sm-14a4">
         <name>PVECTORS_206</name>
         <value>0x551</value>
         <object_component_ref idref="oc-11"/>
      </symbol>
      <symbol id="sm-14a5">
         <name>PVECTORS_207</name>
         <value>0x552</value>
         <object_component_ref idref="oc-11"/>
      </symbol>
      <symbol id="sm-14a6">
         <name>PVECTORS_198</name>
         <value>0x549</value>
         <object_component_ref idref="oc-11"/>
      </symbol>
      <symbol id="sm-14a7">
         <name>PVECTORS_199</name>
         <value>0x54a</value>
         <object_component_ref idref="oc-11"/>
      </symbol>
      <symbol id="sm-14a8">
         <name>PVECTORS_190</name>
         <value>0x541</value>
         <object_component_ref idref="oc-11"/>
      </symbol>
      <symbol id="sm-14a9">
         <name>PVECTORS_191</name>
         <value>0x542</value>
         <object_component_ref idref="oc-11"/>
      </symbol>
      <symbol id="sm-14aa">
         <name>PVECTORS_192</name>
         <value>0x543</value>
         <object_component_ref idref="oc-11"/>
      </symbol>
      <symbol id="sm-14ab">
         <name>PVECTORS_193</name>
         <value>0x544</value>
         <object_component_ref idref="oc-11"/>
      </symbol>
      <symbol id="sm-14ac">
         <name>PVECTORS_194</name>
         <value>0x545</value>
         <object_component_ref idref="oc-11"/>
      </symbol>
      <symbol id="sm-14ad">
         <name>PVECTORS_195</name>
         <value>0x546</value>
         <object_component_ref idref="oc-11"/>
      </symbol>
      <symbol id="sm-14ae">
         <name>PVECTORS_196</name>
         <value>0x547</value>
         <object_component_ref idref="oc-11"/>
      </symbol>
      <symbol id="sm-14af">
         <name>PVECTORS_197</name>
         <value>0x548</value>
         <object_component_ref idref="oc-11"/>
      </symbol>
      <symbol id="sm-14b0">
         <name>PVECTORS_39</name>
         <value>0x4aa</value>
         <object_component_ref idref="oc-11"/>
      </symbol>
      <symbol id="sm-14b1">
         <name>PVECTORS_38</name>
         <value>0x4a9</value>
         <object_component_ref idref="oc-11"/>
      </symbol>
      <symbol id="sm-14b2">
         <name>PVECTORS_220</name>
         <value>0x55f</value>
         <object_component_ref idref="oc-11"/>
      </symbol>
      <symbol id="sm-14b3">
         <name>PVECTORS_31</name>
         <value>0x4a2</value>
         <object_component_ref idref="oc-11"/>
      </symbol>
      <symbol id="sm-14b4">
         <name>PVECTORS_221</name>
         <value>0x560</value>
         <object_component_ref idref="oc-11"/>
      </symbol>
      <symbol id="sm-14b5">
         <name>PVECTORS_30</name>
         <value>0x4a1</value>
         <object_component_ref idref="oc-11"/>
      </symbol>
      <symbol id="sm-14b6">
         <name>PVECTORS_222</name>
         <value>0x561</value>
         <object_component_ref idref="oc-11"/>
      </symbol>
      <symbol id="sm-14b7">
         <name>PVECTORS_33</name>
         <value>0x4a4</value>
         <object_component_ref idref="oc-11"/>
      </symbol>
      <symbol id="sm-14b8">
         <name>PVECTORS_223</name>
         <value>0x562</value>
         <object_component_ref idref="oc-11"/>
      </symbol>
      <symbol id="sm-14b9">
         <name>PVECTORS_32</name>
         <value>0x4a3</value>
         <object_component_ref idref="oc-11"/>
      </symbol>
      <symbol id="sm-14ba">
         <name>PVECTORS_35</name>
         <value>0x4a6</value>
         <object_component_ref idref="oc-11"/>
      </symbol>
      <symbol id="sm-14bb">
         <name>PVECTORS_34</name>
         <value>0x4a5</value>
         <object_component_ref idref="oc-11"/>
      </symbol>
      <symbol id="sm-14bc">
         <name>PVECTORS_37</name>
         <value>0x4a8</value>
         <object_component_ref idref="oc-11"/>
      </symbol>
      <symbol id="sm-14bd">
         <name>PVECTORS_36</name>
         <value>0x4a7</value>
         <object_component_ref idref="oc-11"/>
      </symbol>
      <symbol id="sm-14be">
         <name>PVECTORS_188</name>
         <value>0x53f</value>
         <object_component_ref idref="oc-11"/>
      </symbol>
      <symbol id="sm-14bf">
         <name>PVECTORS_189</name>
         <value>0x540</value>
         <object_component_ref idref="oc-11"/>
      </symbol>
      <symbol id="sm-14c0">
         <name>PVECTORS_180</name>
         <value>0x537</value>
         <object_component_ref idref="oc-11"/>
      </symbol>
      <symbol id="sm-14c1">
         <name>PVECTORS_181</name>
         <value>0x538</value>
         <object_component_ref idref="oc-11"/>
      </symbol>
      <symbol id="sm-14c2">
         <name>PVECTORS_182</name>
         <value>0x539</value>
         <object_component_ref idref="oc-11"/>
      </symbol>
      <symbol id="sm-14c3">
         <name>PVECTORS_183</name>
         <value>0x53a</value>
         <object_component_ref idref="oc-11"/>
      </symbol>
      <symbol id="sm-14c4">
         <name>PVECTORS_184</name>
         <value>0x53b</value>
         <object_component_ref idref="oc-11"/>
      </symbol>
      <symbol id="sm-14c5">
         <name>PVECTORS_185</name>
         <value>0x53c</value>
         <object_component_ref idref="oc-11"/>
      </symbol>
      <symbol id="sm-14c6">
         <name>PVECTORS_186</name>
         <value>0x53d</value>
         <object_component_ref idref="oc-11"/>
      </symbol>
      <symbol id="sm-14c7">
         <name>PVECTORS_187</name>
         <value>0x53e</value>
         <object_component_ref idref="oc-11"/>
      </symbol>
      <symbol id="sm-14c8">
         <name>PVECTORS_29</name>
         <value>0x4a0</value>
         <object_component_ref idref="oc-11"/>
      </symbol>
      <symbol id="sm-14c9">
         <name>PVECTORS_28</name>
         <value>0x49f</value>
         <object_component_ref idref="oc-11"/>
      </symbol>
      <symbol id="sm-14ca">
         <name>PVECTORS_21</name>
         <value>0x498</value>
         <object_component_ref idref="oc-11"/>
      </symbol>
      <symbol id="sm-14cb">
         <name>PVECTORS_20</name>
         <value>0x497</value>
         <object_component_ref idref="oc-11"/>
      </symbol>
      <symbol id="sm-14cc">
         <name>PVECTORS_23</name>
         <value>0x49a</value>
         <object_component_ref idref="oc-11"/>
      </symbol>
      <symbol id="sm-14cd">
         <name>PVECTORS_22</name>
         <value>0x499</value>
         <object_component_ref idref="oc-11"/>
      </symbol>
      <symbol id="sm-14ce">
         <name>PVECTORS_25</name>
         <value>0x49c</value>
         <object_component_ref idref="oc-11"/>
      </symbol>
      <symbol id="sm-14cf">
         <name>PVECTORS_24</name>
         <value>0x49b</value>
         <object_component_ref idref="oc-11"/>
      </symbol>
      <symbol id="sm-14d0">
         <name>PVECTORS_27</name>
         <value>0x49e</value>
         <object_component_ref idref="oc-11"/>
      </symbol>
      <symbol id="sm-14d1">
         <name>PVECTORS_26</name>
         <value>0x49d</value>
         <object_component_ref idref="oc-11"/>
      </symbol>
      <symbol id="sm-14d2">
         <name>PVECTORS_19</name>
         <value>0x496</value>
         <object_component_ref idref="oc-11"/>
      </symbol>
      <symbol id="sm-14d3">
         <name>PVECTORS_18</name>
         <value>0x495</value>
         <object_component_ref idref="oc-11"/>
      </symbol>
      <symbol id="sm-14d4">
         <name>PVECTORS_11</name>
         <value>0x490</value>
         <object_component_ref idref="oc-11"/>
      </symbol>
      <symbol id="sm-14d5">
         <name>PVECTORS_10</name>
         <value>0x48f</value>
         <object_component_ref idref="oc-11"/>
      </symbol>
      <symbol id="sm-14d6">
         <name>PVECTORS_12</name>
         <value>0x491</value>
         <object_component_ref idref="oc-11"/>
      </symbol>
      <symbol id="sm-14d7">
         <name>PVECTORS_15</name>
         <value>0x492</value>
         <object_component_ref idref="oc-11"/>
      </symbol>
      <symbol id="sm-14d8">
         <name>PVECTORS_17</name>
         <value>0x494</value>
         <object_component_ref idref="oc-11"/>
      </symbol>
      <symbol id="sm-14d9">
         <name>PVECTORS_16</name>
         <value>0x493</value>
         <object_component_ref idref="oc-11"/>
      </symbol>
      <symbol id="sm-14da">
         <name>PVECTORS_09</name>
         <value>0x48e</value>
         <object_component_ref idref="oc-11"/>
      </symbol>
      <symbol id="sm-14db">
         <name>PVECTORS_08</name>
         <value>0x48d</value>
         <object_component_ref idref="oc-11"/>
      </symbol>
      <symbol id="sm-14dc">
         <name>PVECTORS_01</name>
         <value>0x486</value>
         <object_component_ref idref="oc-11"/>
      </symbol>
      <symbol id="sm-14dd">
         <name>PVECTORS_03</name>
         <value>0x488</value>
         <object_component_ref idref="oc-11"/>
      </symbol>
      <symbol id="sm-14de">
         <name>PVECTORS_02</name>
         <value>0x487</value>
         <object_component_ref idref="oc-11"/>
      </symbol>
      <symbol id="sm-14df">
         <name>PVECTORS_05</name>
         <value>0x48a</value>
         <object_component_ref idref="oc-11"/>
      </symbol>
      <symbol id="sm-14e0">
         <name>PVECTORS_04</name>
         <value>0x489</value>
         <object_component_ref idref="oc-11"/>
      </symbol>
      <symbol id="sm-14e1">
         <name>PVECTORS_07</name>
         <value>0x48c</value>
         <object_component_ref idref="oc-11"/>
      </symbol>
      <symbol id="sm-14e2">
         <name>PVECTORS_06</name>
         <value>0x48b</value>
         <object_component_ref idref="oc-11"/>
      </symbol>
      <symbol id="sm-14e3">
         <name>PVECTORS_79</name>
         <value>0x4d2</value>
         <object_component_ref idref="oc-11"/>
      </symbol>
      <symbol id="sm-14e4">
         <name>PVECTORS_78</name>
         <value>0x4d1</value>
         <object_component_ref idref="oc-11"/>
      </symbol>
      <symbol id="sm-14e5">
         <name>PVECTORS_71</name>
         <value>0x4ca</value>
         <object_component_ref idref="oc-11"/>
      </symbol>
      <symbol id="sm-14e6">
         <name>PVECTORS_70</name>
         <value>0x4c9</value>
         <object_component_ref idref="oc-11"/>
      </symbol>
      <symbol id="sm-14e7">
         <name>PVECTORS_73</name>
         <value>0x4cc</value>
         <object_component_ref idref="oc-11"/>
      </symbol>
      <symbol id="sm-14e8">
         <name>PVECTORS_72</name>
         <value>0x4cb</value>
         <object_component_ref idref="oc-11"/>
      </symbol>
      <symbol id="sm-14e9">
         <name>PVECTORS_75</name>
         <value>0x4ce</value>
         <object_component_ref idref="oc-11"/>
      </symbol>
      <symbol id="sm-14ea">
         <name>PVECTORS_74</name>
         <value>0x4cd</value>
         <object_component_ref idref="oc-11"/>
      </symbol>
      <symbol id="sm-14eb">
         <name>PVECTORS_77</name>
         <value>0x4d0</value>
         <object_component_ref idref="oc-11"/>
      </symbol>
      <symbol id="sm-14ec">
         <name>PVECTORS_76</name>
         <value>0x4cf</value>
         <object_component_ref idref="oc-11"/>
      </symbol>
      <symbol id="sm-14ed">
         <name>PVECTORS_69</name>
         <value>0x4c8</value>
         <object_component_ref idref="oc-11"/>
      </symbol>
      <symbol id="sm-14ee">
         <name>PVECTORS_68</name>
         <value>0x4c7</value>
         <object_component_ref idref="oc-11"/>
      </symbol>
      <symbol id="sm-14ef">
         <name>PVECTORS_61</name>
         <value>0x4c0</value>
         <object_component_ref idref="oc-11"/>
      </symbol>
      <symbol id="sm-14f0">
         <name>PVECTORS_60</name>
         <value>0x4bf</value>
         <object_component_ref idref="oc-11"/>
      </symbol>
      <symbol id="sm-14f1">
         <name>PVECTORS_63</name>
         <value>0x4c2</value>
         <object_component_ref idref="oc-11"/>
      </symbol>
      <symbol id="sm-14f2">
         <name>PVECTORS_62</name>
         <value>0x4c1</value>
         <object_component_ref idref="oc-11"/>
      </symbol>
      <symbol id="sm-14f3">
         <name>PVECTORS_65</name>
         <value>0x4c4</value>
         <object_component_ref idref="oc-11"/>
      </symbol>
      <symbol id="sm-14f4">
         <name>PVECTORS_64</name>
         <value>0x4c3</value>
         <object_component_ref idref="oc-11"/>
      </symbol>
      <symbol id="sm-14f5">
         <name>PVECTORS_67</name>
         <value>0x4c6</value>
         <object_component_ref idref="oc-11"/>
      </symbol>
      <symbol id="sm-14f6">
         <name>PVECTORS_66</name>
         <value>0x4c5</value>
         <object_component_ref idref="oc-11"/>
      </symbol>
      <symbol id="sm-14f7">
         <name>PVECTORS_59</name>
         <value>0x4be</value>
         <object_component_ref idref="oc-11"/>
      </symbol>
      <symbol id="sm-14f8">
         <name>PVECTORS_58</name>
         <value>0x4bd</value>
         <object_component_ref idref="oc-11"/>
      </symbol>
      <symbol id="sm-14f9">
         <name>PVECTORS_51</name>
         <value>0x4b6</value>
         <object_component_ref idref="oc-11"/>
      </symbol>
      <symbol id="sm-14fa">
         <name>PVECTORS_50</name>
         <value>0x4b5</value>
         <object_component_ref idref="oc-11"/>
      </symbol>
      <symbol id="sm-14fb">
         <name>PVECTORS_53</name>
         <value>0x4b8</value>
         <object_component_ref idref="oc-11"/>
      </symbol>
      <symbol id="sm-14fc">
         <name>PVECTORS_52</name>
         <value>0x4b7</value>
         <object_component_ref idref="oc-11"/>
      </symbol>
      <symbol id="sm-14fd">
         <name>PVECTORS_55</name>
         <value>0x4ba</value>
         <object_component_ref idref="oc-11"/>
      </symbol>
      <symbol id="sm-14fe">
         <name>PVECTORS_54</name>
         <value>0x4b9</value>
         <object_component_ref idref="oc-11"/>
      </symbol>
      <symbol id="sm-14ff">
         <name>PVECTORS_57</name>
         <value>0x4bc</value>
         <object_component_ref idref="oc-11"/>
      </symbol>
      <symbol id="sm-1500">
         <name>PVECTORS_56</name>
         <value>0x4bb</value>
         <object_component_ref idref="oc-11"/>
      </symbol>
      <symbol id="sm-1501">
         <name>PVECTORS_49</name>
         <value>0x4b4</value>
         <object_component_ref idref="oc-11"/>
      </symbol>
      <symbol id="sm-1502">
         <name>PVECTORS_48</name>
         <value>0x4b3</value>
         <object_component_ref idref="oc-11"/>
      </symbol>
      <symbol id="sm-1503">
         <name>PVECTORS_41</name>
         <value>0x4ac</value>
         <object_component_ref idref="oc-11"/>
      </symbol>
      <symbol id="sm-1504">
         <name>PVECTORS_40</name>
         <value>0x4ab</value>
         <object_component_ref idref="oc-11"/>
      </symbol>
      <symbol id="sm-1505">
         <name>PVECTORS_43</name>
         <value>0x4ae</value>
         <object_component_ref idref="oc-11"/>
      </symbol>
      <symbol id="sm-1506">
         <name>PVECTORS_42</name>
         <value>0x4ad</value>
         <object_component_ref idref="oc-11"/>
      </symbol>
      <symbol id="sm-1507">
         <name>PVECTORS_45</name>
         <value>0x4b0</value>
         <object_component_ref idref="oc-11"/>
      </symbol>
      <symbol id="sm-1508">
         <name>PVECTORS_44</name>
         <value>0x4af</value>
         <object_component_ref idref="oc-11"/>
      </symbol>
      <symbol id="sm-1509">
         <name>PVECTORS_47</name>
         <value>0x4b2</value>
         <object_component_ref idref="oc-11"/>
      </symbol>
      <symbol id="sm-150a">
         <name>PVECTORS_46</name>
         <value>0x4b1</value>
         <object_component_ref idref="oc-11"/>
      </symbol>
      <symbol id="sm-150b">
         <name>PVECTORS_118</name>
         <value>0x4f9</value>
         <object_component_ref idref="oc-11"/>
      </symbol>
      <symbol id="sm-150c">
         <name>PVECTORS_119</name>
         <value>0x4fa</value>
         <object_component_ref idref="oc-11"/>
      </symbol>
      <symbol id="sm-150d">
         <name>PVECTORS_110</name>
         <value>0x4f1</value>
         <object_component_ref idref="oc-11"/>
      </symbol>
      <symbol id="sm-150e">
         <name>PVECTORS_111</name>
         <value>0x4f2</value>
         <object_component_ref idref="oc-11"/>
      </symbol>
      <symbol id="sm-150f">
         <name>PVECTORS_112</name>
         <value>0x4f3</value>
         <object_component_ref idref="oc-11"/>
      </symbol>
      <symbol id="sm-1510">
         <name>PVECTORS_113</name>
         <value>0x4f4</value>
         <object_component_ref idref="oc-11"/>
      </symbol>
      <symbol id="sm-1511">
         <name>PVECTORS_114</name>
         <value>0x4f5</value>
         <object_component_ref idref="oc-11"/>
      </symbol>
      <symbol id="sm-1512">
         <name>PVECTORS_115</name>
         <value>0x4f6</value>
         <object_component_ref idref="oc-11"/>
      </symbol>
      <symbol id="sm-1513">
         <name>PVECTORS_116</name>
         <value>0x4f7</value>
         <object_component_ref idref="oc-11"/>
      </symbol>
      <symbol id="sm-1514">
         <name>PVECTORS_117</name>
         <value>0x4f8</value>
         <object_component_ref idref="oc-11"/>
      </symbol>
      <symbol id="sm-1515">
         <name>PVECTORS_108</name>
         <value>0x4ef</value>
         <object_component_ref idref="oc-11"/>
      </symbol>
      <symbol id="sm-1516">
         <name>PVECTORS_109</name>
         <value>0x4f0</value>
         <object_component_ref idref="oc-11"/>
      </symbol>
      <symbol id="sm-1517">
         <name>PVECTORS_100</name>
         <value>0x4e7</value>
         <object_component_ref idref="oc-11"/>
      </symbol>
      <symbol id="sm-1518">
         <name>PVECTORS_101</name>
         <value>0x4e8</value>
         <object_component_ref idref="oc-11"/>
      </symbol>
      <symbol id="sm-1519">
         <name>PVECTORS_102</name>
         <value>0x4e9</value>
         <object_component_ref idref="oc-11"/>
      </symbol>
      <symbol id="sm-151a">
         <name>PVECTORS_103</name>
         <value>0x4ea</value>
         <object_component_ref idref="oc-11"/>
      </symbol>
      <symbol id="sm-151b">
         <name>PVECTORS_104</name>
         <value>0x4eb</value>
         <object_component_ref idref="oc-11"/>
      </symbol>
      <symbol id="sm-151c">
         <name>PVECTORS_105</name>
         <value>0x4ec</value>
         <object_component_ref idref="oc-11"/>
      </symbol>
      <symbol id="sm-151d">
         <name>PVECTORS_106</name>
         <value>0x4ed</value>
         <object_component_ref idref="oc-11"/>
      </symbol>
      <symbol id="sm-151e">
         <name>PVECTORS_107</name>
         <value>0x4ee</value>
         <object_component_ref idref="oc-11"/>
      </symbol>
      <symbol id="sm-151f">
         <name>PVECTORS_138</name>
         <value>0x50d</value>
         <object_component_ref idref="oc-11"/>
      </symbol>
      <symbol id="sm-1520">
         <name>PVECTORS_139</name>
         <value>0x50e</value>
         <object_component_ref idref="oc-11"/>
      </symbol>
      <symbol id="sm-1521">
         <name>PVECTORS_130</name>
         <value>0x505</value>
         <object_component_ref idref="oc-11"/>
      </symbol>
      <symbol id="sm-1522">
         <name>PVECTORS_131</name>
         <value>0x506</value>
         <object_component_ref idref="oc-11"/>
      </symbol>
      <symbol id="sm-1523">
         <name>PVECTORS_132</name>
         <value>0x507</value>
         <object_component_ref idref="oc-11"/>
      </symbol>
      <symbol id="sm-1524">
         <name>PVECTORS_133</name>
         <value>0x508</value>
         <object_component_ref idref="oc-11"/>
      </symbol>
      <symbol id="sm-1525">
         <name>PVECTORS_134</name>
         <value>0x509</value>
         <object_component_ref idref="oc-11"/>
      </symbol>
      <symbol id="sm-1526">
         <name>PVECTORS_135</name>
         <value>0x50a</value>
         <object_component_ref idref="oc-11"/>
      </symbol>
      <symbol id="sm-1527">
         <name>PVECTORS_136</name>
         <value>0x50b</value>
         <object_component_ref idref="oc-11"/>
      </symbol>
      <symbol id="sm-1528">
         <name>PVECTORS_137</name>
         <value>0x50c</value>
         <object_component_ref idref="oc-11"/>
      </symbol>
      <symbol id="sm-1529">
         <name>PVECTORS_99</name>
         <value>0x4e6</value>
         <object_component_ref idref="oc-11"/>
      </symbol>
      <symbol id="sm-152a">
         <name>PVECTORS_98</name>
         <value>0x4e5</value>
         <object_component_ref idref="oc-11"/>
      </symbol>
      <symbol id="sm-152b">
         <name>PVECTORS_91</name>
         <value>0x4de</value>
         <object_component_ref idref="oc-11"/>
      </symbol>
      <symbol id="sm-152c">
         <name>PVECTORS_90</name>
         <value>0x4dd</value>
         <object_component_ref idref="oc-11"/>
      </symbol>
      <symbol id="sm-152d">
         <name>PVECTORS_93</name>
         <value>0x4e0</value>
         <object_component_ref idref="oc-11"/>
      </symbol>
      <symbol id="sm-152e">
         <name>PVECTORS_92</name>
         <value>0x4df</value>
         <object_component_ref idref="oc-11"/>
      </symbol>
      <symbol id="sm-152f">
         <name>PVECTORS_95</name>
         <value>0x4e2</value>
         <object_component_ref idref="oc-11"/>
      </symbol>
      <symbol id="sm-1530">
         <name>PVECTORS_94</name>
         <value>0x4e1</value>
         <object_component_ref idref="oc-11"/>
      </symbol>
      <symbol id="sm-1531">
         <name>PVECTORS_97</name>
         <value>0x4e4</value>
         <object_component_ref idref="oc-11"/>
      </symbol>
      <symbol id="sm-1532">
         <name>PVECTORS_96</name>
         <value>0x4e3</value>
         <object_component_ref idref="oc-11"/>
      </symbol>
      <symbol id="sm-1533">
         <name>PVECTORS_128</name>
         <value>0x503</value>
         <object_component_ref idref="oc-11"/>
      </symbol>
      <symbol id="sm-1534">
         <name>PVECTORS_129</name>
         <value>0x504</value>
         <object_component_ref idref="oc-11"/>
      </symbol>
      <symbol id="sm-1535">
         <name>PVECTORS_120</name>
         <value>0x4fb</value>
         <object_component_ref idref="oc-11"/>
      </symbol>
      <symbol id="sm-1536">
         <name>PVECTORS_121</name>
         <value>0x4fc</value>
         <object_component_ref idref="oc-11"/>
      </symbol>
      <symbol id="sm-1537">
         <name>PVECTORS_122</name>
         <value>0x4fd</value>
         <object_component_ref idref="oc-11"/>
      </symbol>
      <symbol id="sm-1538">
         <name>PVECTORS_123</name>
         <value>0x4fe</value>
         <object_component_ref idref="oc-11"/>
      </symbol>
      <symbol id="sm-1539">
         <name>PVECTORS_124</name>
         <value>0x4ff</value>
         <object_component_ref idref="oc-11"/>
      </symbol>
      <symbol id="sm-153a">
         <name>PVECTORS_125</name>
         <value>0x500</value>
         <object_component_ref idref="oc-11"/>
      </symbol>
      <symbol id="sm-153b">
         <name>PVECTORS_126</name>
         <value>0x501</value>
         <object_component_ref idref="oc-11"/>
      </symbol>
      <symbol id="sm-153c">
         <name>PVECTORS_127</name>
         <value>0x502</value>
         <object_component_ref idref="oc-11"/>
      </symbol>
      <symbol id="sm-153d">
         <name>PVECTORS_89</name>
         <value>0x4dc</value>
         <object_component_ref idref="oc-11"/>
      </symbol>
      <symbol id="sm-153e">
         <name>PVECTORS_88</name>
         <value>0x4db</value>
         <object_component_ref idref="oc-11"/>
      </symbol>
      <symbol id="sm-153f">
         <name>PVECTORS_81</name>
         <value>0x4d4</value>
         <object_component_ref idref="oc-11"/>
      </symbol>
      <symbol id="sm-1540">
         <name>PVECTORS_80</name>
         <value>0x4d3</value>
         <object_component_ref idref="oc-11"/>
      </symbol>
      <symbol id="sm-1541">
         <name>PVECTORS_83</name>
         <value>0x4d6</value>
         <object_component_ref idref="oc-11"/>
      </symbol>
      <symbol id="sm-1542">
         <name>PVECTORS_82</name>
         <value>0x4d5</value>
         <object_component_ref idref="oc-11"/>
      </symbol>
      <symbol id="sm-1543">
         <name>PVECTORS_85</name>
         <value>0x4d8</value>
         <object_component_ref idref="oc-11"/>
      </symbol>
      <symbol id="sm-1544">
         <name>PVECTORS_84</name>
         <value>0x4d7</value>
         <object_component_ref idref="oc-11"/>
      </symbol>
      <symbol id="sm-1545">
         <name>PVECTORS_87</name>
         <value>0x4da</value>
         <object_component_ref idref="oc-11"/>
      </symbol>
      <symbol id="sm-1546">
         <name>PVECTORS_86</name>
         <value>0x4d9</value>
         <object_component_ref idref="oc-11"/>
      </symbol>
      <symbol id="sm-1547">
         <name>PVECTORS_158</name>
         <value>0x521</value>
         <object_component_ref idref="oc-11"/>
      </symbol>
      <symbol id="sm-1548">
         <name>PVECTORS_159</name>
         <value>0x522</value>
         <object_component_ref idref="oc-11"/>
      </symbol>
      <symbol id="sm-1549">
         <name>PVECTORS_150</name>
         <value>0x519</value>
         <object_component_ref idref="oc-11"/>
      </symbol>
      <symbol id="sm-154a">
         <name>PVECTORS_151</name>
         <value>0x51a</value>
         <object_component_ref idref="oc-11"/>
      </symbol>
      <symbol id="sm-154b">
         <name>PVECTORS_152</name>
         <value>0x51b</value>
         <object_component_ref idref="oc-11"/>
      </symbol>
      <symbol id="sm-154c">
         <name>PVECTORS_153</name>
         <value>0x51c</value>
         <object_component_ref idref="oc-11"/>
      </symbol>
      <symbol id="sm-154d">
         <name>PVECTORS_154</name>
         <value>0x51d</value>
         <object_component_ref idref="oc-11"/>
      </symbol>
      <symbol id="sm-154e">
         <name>PVECTORS_155</name>
         <value>0x51e</value>
         <object_component_ref idref="oc-11"/>
      </symbol>
      <symbol id="sm-154f">
         <name>PVECTORS_156</name>
         <value>0x51f</value>
         <object_component_ref idref="oc-11"/>
      </symbol>
      <symbol id="sm-1550">
         <name>PVECTORS_157</name>
         <value>0x520</value>
         <object_component_ref idref="oc-11"/>
      </symbol>
      <symbol id="sm-1551">
         <name>PVECTORS_148</name>
         <value>0x517</value>
         <object_component_ref idref="oc-11"/>
      </symbol>
      <symbol id="sm-1552">
         <name>PVECTORS_149</name>
         <value>0x518</value>
         <object_component_ref idref="oc-11"/>
      </symbol>
      <symbol id="sm-1553">
         <name>PVECTORS_140</name>
         <value>0x50f</value>
         <object_component_ref idref="oc-11"/>
      </symbol>
      <symbol id="sm-1554">
         <name>PVECTORS_141</name>
         <value>0x510</value>
         <object_component_ref idref="oc-11"/>
      </symbol>
      <symbol id="sm-1555">
         <name>PVECTORS_142</name>
         <value>0x511</value>
         <object_component_ref idref="oc-11"/>
      </symbol>
      <symbol id="sm-1556">
         <name>PVECTORS_143</name>
         <value>0x512</value>
         <object_component_ref idref="oc-11"/>
      </symbol>
      <symbol id="sm-1557">
         <name>PVECTORS_144</name>
         <value>0x513</value>
         <object_component_ref idref="oc-11"/>
      </symbol>
      <symbol id="sm-1558">
         <name>PVECTORS_145</name>
         <value>0x514</value>
         <object_component_ref idref="oc-11"/>
      </symbol>
      <symbol id="sm-1559">
         <name>PVECTORS_146</name>
         <value>0x515</value>
         <object_component_ref idref="oc-11"/>
      </symbol>
      <symbol id="sm-155a">
         <name>PVECTORS_147</name>
         <value>0x516</value>
         <object_component_ref idref="oc-11"/>
      </symbol>
      <symbol id="sm-155b">
         <name>PVECTORS_178</name>
         <value>0x535</value>
         <object_component_ref idref="oc-11"/>
      </symbol>
      <symbol id="sm-155c">
         <name>PVECTORS_179</name>
         <value>0x536</value>
         <object_component_ref idref="oc-11"/>
      </symbol>
      <symbol id="sm-155d">
         <name>PVECTORS_170</name>
         <value>0x52d</value>
         <object_component_ref idref="oc-11"/>
      </symbol>
      <symbol id="sm-155e">
         <name>PVECTORS_171</name>
         <value>0x52e</value>
         <object_component_ref idref="oc-11"/>
      </symbol>
      <symbol id="sm-155f">
         <name>PVECTORS_172</name>
         <value>0x52f</value>
         <object_component_ref idref="oc-11"/>
      </symbol>
      <symbol id="sm-1560">
         <name>PVECTORS_173</name>
         <value>0x530</value>
         <object_component_ref idref="oc-11"/>
      </symbol>
      <symbol id="sm-1561">
         <name>PVECTORS_174</name>
         <value>0x531</value>
         <object_component_ref idref="oc-11"/>
      </symbol>
      <symbol id="sm-1562">
         <name>PVECTORS_175</name>
         <value>0x532</value>
         <object_component_ref idref="oc-11"/>
      </symbol>
      <symbol id="sm-1563">
         <name>PVECTORS_176</name>
         <value>0x533</value>
         <object_component_ref idref="oc-11"/>
      </symbol>
      <symbol id="sm-1564">
         <name>PVECTORS_177</name>
         <value>0x534</value>
         <object_component_ref idref="oc-11"/>
      </symbol>
      <symbol id="sm-1565">
         <name>PVECTORS_168</name>
         <value>0x52b</value>
         <object_component_ref idref="oc-11"/>
      </symbol>
      <symbol id="sm-1566">
         <name>PVECTORS_169</name>
         <value>0x52c</value>
         <object_component_ref idref="oc-11"/>
      </symbol>
      <symbol id="sm-1567">
         <name>PVECTORS_160</name>
         <value>0x523</value>
         <object_component_ref idref="oc-11"/>
      </symbol>
      <symbol id="sm-1568">
         <name>PVECTORS_161</name>
         <value>0x524</value>
         <object_component_ref idref="oc-11"/>
      </symbol>
      <symbol id="sm-1569">
         <name>PVECTORS_162</name>
         <value>0x525</value>
         <object_component_ref idref="oc-11"/>
      </symbol>
      <symbol id="sm-156a">
         <name>PVECTORS_163</name>
         <value>0x526</value>
         <object_component_ref idref="oc-11"/>
      </symbol>
      <symbol id="sm-156b">
         <name>PVECTORS_164</name>
         <value>0x527</value>
         <object_component_ref idref="oc-11"/>
      </symbol>
      <symbol id="sm-156c">
         <name>PVECTORS_165</name>
         <value>0x528</value>
         <object_component_ref idref="oc-11"/>
      </symbol>
      <symbol id="sm-156d">
         <name>PVECTORS_166</name>
         <value>0x529</value>
         <object_component_ref idref="oc-11"/>
      </symbol>
      <symbol id="sm-156e">
         <name>PVECTORS_167</name>
         <value>0x52a</value>
         <object_component_ref idref="oc-11"/>
      </symbol>
   </symbol_table>
   <title>Link successful</title>
</link_info>
