******************************************************************************
             TMS320C2000 Linker PC v22.6.1                     
******************************************************************************
>> Linked Mon Sep 30 15:50:02 2024

OUTPUT FILE NAME:   <week2.out>
ENTRY POINT SYMBOL: "_c_int00"  address: 00000400


MEMORY CONFIGURATION

         name            origin    length      used     unused   attr    fill
----------------------  --------  ---------  --------  --------  ----  --------
PAGE 0:
  RAMM0                 00000122   000002de  00000000  000002de  RWIX

PAGE 1:
  RAMM1                 00000400   00000400  00000256  000001aa  RWIX
  PIE_VECT              00000d02   00000200  000001be  00000042  RWIX


SECTION ALLOCATION MAP

 output                                  attributes/
section   page    origin      length       input sections
--------  ----  ----------  ----------   ----------------
.text      1    00000400    00000256     
                  00000400    00000163     source_main.obj (.text)
                  00000563    000000d4     Timer2_interrupt.obj (.text)
                  00000637    0000001f     Timer1_interrupt.obj (.text)

PieVectTable 
*          1    00000d02    000001be     
                  00000d02    000001be     source_vectors_377.obj (PieVectTable)

MODULE SUMMARY

       Module                   code   initialized data   uninitialized data
       ------                   ----   ----------------   ------------------
    .\
       source_vectors_377.obj   0      446                0                 
       source_main.obj          355    0                  0                 
       Timer2_interrupt.obj     212    0                  0                 
       Timer1_interrupt.obj     31     0                  0                 
    +--+------------------------+------+------------------+--------------------+
       Total:                   598    446                0                 
                                                                            
    +--+------------------------+------+------------------+--------------------+
       Grand Total:             598    446                0                 


GLOBAL DATA SYMBOLS: SORTED BY DATA PAGE


[0 symbols]


GLOBAL SYMBOLS: SORTED ALPHABETICALLY BY Name 

page  address   name                 
----  -------   ----                 
1     00000400  .text                
1     00000486  PVECTORS_01          
1     00000487  PVECTORS_02          
1     00000488  PVECTORS_03          
1     00000489  PVECTORS_04          
1     0000048a  PVECTORS_05          
1     0000048b  PVECTORS_06          
1     0000048c  PVECTORS_07          
1     0000048d  PVECTORS_08          
1     0000048e  PVECTORS_09          
1     0000048f  PVECTORS_10          
1     000004e7  PVECTORS_100         
1     000004e8  PVECTORS_101         
1     000004e9  PVECTORS_102         
1     000004ea  PVECTORS_103         
1     000004eb  PVECTORS_104         
1     000004ec  PVECTORS_105         
1     000004ed  PVECTORS_106         
1     000004ee  PVECTORS_107         
1     000004ef  PVECTORS_108         
1     000004f0  PVECTORS_109         
1     00000490  PVECTORS_11          
1     000004f1  PVECTORS_110         
1     000004f2  PVECTORS_111         
1     000004f3  PVECTORS_112         
1     000004f4  PVECTORS_113         
1     000004f5  PVECTORS_114         
1     000004f6  PVECTORS_115         
1     000004f7  PVECTORS_116         
1     000004f8  PVECTORS_117         
1     000004f9  PVECTORS_118         
1     000004fa  PVECTORS_119         
1     00000491  PVECTORS_12          
1     000004fb  PVECTORS_120         
1     000004fc  PVECTORS_121         
1     000004fd  PVECTORS_122         
1     000004fe  PVECTORS_123         
1     000004ff  PVECTORS_124         
1     00000500  PVECTORS_125         
1     00000501  PVECTORS_126         
1     00000502  PVECTORS_127         
1     00000503  PVECTORS_128         
1     00000504  PVECTORS_129         
1     00000637  PVECTORS_13          
1     00000505  PVECTORS_130         
1     00000506  PVECTORS_131         
1     00000507  PVECTORS_132         
1     00000508  PVECTORS_133         
1     00000509  PVECTORS_134         
1     0000050a  PVECTORS_135         
1     0000050b  PVECTORS_136         
1     0000050c  PVECTORS_137         
1     0000050d  PVECTORS_138         
1     0000050e  PVECTORS_139         
1     00000563  PVECTORS_14          
1     0000050f  PVECTORS_140         
1     00000510  PVECTORS_141         
1     00000511  PVECTORS_142         
1     00000512  PVECTORS_143         
1     00000513  PVECTORS_144         
1     00000514  PVECTORS_145         
1     00000515  PVECTORS_146         
1     00000516  PVECTORS_147         
1     00000517  PVECTORS_148         
1     00000518  PVECTORS_149         
1     00000492  PVECTORS_15          
1     00000519  PVECTORS_150         
1     0000051a  PVECTORS_151         
1     0000051b  PVECTORS_152         
1     0000051c  PVECTORS_153         
1     0000051d  PVECTORS_154         
1     0000051e  PVECTORS_155         
1     0000051f  PVECTORS_156         
1     00000520  PVECTORS_157         
1     00000521  PVECTORS_158         
1     00000522  PVECTORS_159         
1     00000493  PVECTORS_16          
1     00000523  PVECTORS_160         
1     00000524  PVECTORS_161         
1     00000525  PVECTORS_162         
1     00000526  PVECTORS_163         
1     00000527  PVECTORS_164         
1     00000528  PVECTORS_165         
1     00000529  PVECTORS_166         
1     0000052a  PVECTORS_167         
1     0000052b  PVECTORS_168         
1     0000052c  PVECTORS_169         
1     00000494  PVECTORS_17          
1     0000052d  PVECTORS_170         
1     0000052e  PVECTORS_171         
1     0000052f  PVECTORS_172         
1     00000530  PVECTORS_173         
1     00000531  PVECTORS_174         
1     00000532  PVECTORS_175         
1     00000533  PVECTORS_176         
1     00000534  PVECTORS_177         
1     00000535  PVECTORS_178         
1     00000536  PVECTORS_179         
1     00000495  PVECTORS_18          
1     00000537  PVECTORS_180         
1     00000538  PVECTORS_181         
1     00000539  PVECTORS_182         
1     0000053a  PVECTORS_183         
1     0000053b  PVECTORS_184         
1     0000053c  PVECTORS_185         
1     0000053d  PVECTORS_186         
1     0000053e  PVECTORS_187         
1     0000053f  PVECTORS_188         
1     00000540  PVECTORS_189         
1     00000496  PVECTORS_19          
1     00000541  PVECTORS_190         
1     00000542  PVECTORS_191         
1     00000543  PVECTORS_192         
1     00000544  PVECTORS_193         
1     00000545  PVECTORS_194         
1     00000546  PVECTORS_195         
1     00000547  PVECTORS_196         
1     00000548  PVECTORS_197         
1     00000549  PVECTORS_198         
1     0000054a  PVECTORS_199         
1     00000497  PVECTORS_20          
1     0000054b  PVECTORS_200         
1     0000054c  PVECTORS_201         
1     0000054d  PVECTORS_202         
1     0000054e  PVECTORS_203         
1     0000054f  PVECTORS_204         
1     00000550  PVECTORS_205         
1     00000551  PVECTORS_206         
1     00000552  PVECTORS_207         
1     00000553  PVECTORS_208         
1     00000554  PVECTORS_209         
1     00000498  PVECTORS_21          
1     00000555  PVECTORS_210         
1     00000556  PVECTORS_211         
1     00000557  PVECTORS_212         
1     00000558  PVECTORS_213         
1     00000559  PVECTORS_214         
1     0000055a  PVECTORS_215         
1     0000055b  PVECTORS_216         
1     0000055c  PVECTORS_217         
1     0000055d  PVECTORS_218         
1     0000055e  PVECTORS_219         
1     00000499  PVECTORS_22          
1     0000055f  PVECTORS_220         
1     00000560  PVECTORS_221         
1     00000561  PVECTORS_222         
1     00000562  PVECTORS_223         
1     0000049a  PVECTORS_23          
1     0000049b  PVECTORS_24          
1     0000049c  PVECTORS_25          
1     0000049d  PVECTORS_26          
1     0000049e  PVECTORS_27          
1     0000049f  PVECTORS_28          
1     000004a0  PVECTORS_29          
1     000004a1  PVECTORS_30          
1     000004a2  PVECTORS_31          
1     000004a3  PVECTORS_32          
1     000004a4  PVECTORS_33          
1     000004a5  PVECTORS_34          
1     000004a6  PVECTORS_35          
1     000004a7  PVECTORS_36          
1     000004a8  PVECTORS_37          
1     000004a9  PVECTORS_38          
1     000004aa  PVECTORS_39          
1     000004ab  PVECTORS_40          
1     000004ac  PVECTORS_41          
1     000004ad  PVECTORS_42          
1     000004ae  PVECTORS_43          
1     000004af  PVECTORS_44          
1     000004b0  PVECTORS_45          
1     000004b1  PVECTORS_46          
1     000004b2  PVECTORS_47          
1     000004b3  PVECTORS_48          
1     000004b4  PVECTORS_49          
1     000004b5  PVECTORS_50          
1     000004b6  PVECTORS_51          
1     000004b7  PVECTORS_52          
1     000004b8  PVECTORS_53          
1     000004b9  PVECTORS_54          
1     000004ba  PVECTORS_55          
1     000004bb  PVECTORS_56          
1     000004bc  PVECTORS_57          
1     000004bd  PVECTORS_58          
1     000004be  PVECTORS_59          
1     000004bf  PVECTORS_60          
1     000004c0  PVECTORS_61          
1     000004c1  PVECTORS_62          
1     000004c2  PVECTORS_63          
1     000004c3  PVECTORS_64          
1     000004c4  PVECTORS_65          
1     000004c5  PVECTORS_66          
1     000004c6  PVECTORS_67          
1     000004c7  PVECTORS_68          
1     000004c8  PVECTORS_69          
1     000004c9  PVECTORS_70          
1     000004ca  PVECTORS_71          
1     000004cb  PVECTORS_72          
1     000004cc  PVECTORS_73          
1     000004cd  PVECTORS_74          
1     000004ce  PVECTORS_75          
1     000004cf  PVECTORS_76          
1     000004d0  PVECTORS_77          
1     000004d1  PVECTORS_78          
1     000004d2  PVECTORS_79          
1     000004d3  PVECTORS_80          
1     000004d4  PVECTORS_81          
1     000004d5  PVECTORS_82          
1     000004d6  PVECTORS_83          
1     000004d7  PVECTORS_84          
1     000004d8  PVECTORS_85          
1     000004d9  PVECTORS_86          
1     000004da  PVECTORS_87          
1     000004db  PVECTORS_88          
1     000004dc  PVECTORS_89          
1     000004dd  PVECTORS_90          
1     000004de  PVECTORS_91          
1     000004df  PVECTORS_92          
1     000004e0  PVECTORS_93          
1     000004e1  PVECTORS_94          
1     000004e2  PVECTORS_95          
1     000004e3  PVECTORS_96          
1     000004e4  PVECTORS_97          
1     000004e5  PVECTORS_98          
1     000004e6  PVECTORS_99          
abs   ffffffff  ___TI_pprof_out_hndl 
abs   ffffffff  ___TI_prof_data_size 
abs   ffffffff  ___TI_prof_data_start
abs   ffffffff  ___binit__           
abs   ffffffff  ___c_args__          
abs   ffffffff  ___cinit__           
1     00000656  ___etext__           
abs   ffffffff  ___pinit__           
1     00000400  ___text__            
1     00000400  _c_int00             
abs   ffffffff  binit                
abs   ffffffff  cinit                
1     00000656  etext                
abs   ffffffff  pinit                


GLOBAL SYMBOLS: SORTED BY Symbol Address 

page  address   name                 
----  -------   ----                 
1     00000400  .text                
1     00000400  ___text__            
1     00000400  _c_int00             
1     00000486  PVECTORS_01          
1     00000487  PVECTORS_02          
1     00000488  PVECTORS_03          
1     00000489  PVECTORS_04          
1     0000048a  PVECTORS_05          
1     0000048b  PVECTORS_06          
1     0000048c  PVECTORS_07          
1     0000048d  PVECTORS_08          
1     0000048e  PVECTORS_09          
1     0000048f  PVECTORS_10          
1     00000490  PVECTORS_11          
1     00000491  PVECTORS_12          
1     00000492  PVECTORS_15          
1     00000493  PVECTORS_16          
1     00000494  PVECTORS_17          
1     00000495  PVECTORS_18          
1     00000496  PVECTORS_19          
1     00000497  PVECTORS_20          
1     00000498  PVECTORS_21          
1     00000499  PVECTORS_22          
1     0000049a  PVECTORS_23          
1     0000049b  PVECTORS_24          
1     0000049c  PVECTORS_25          
1     0000049d  PVECTORS_26          
1     0000049e  PVECTORS_27          
1     0000049f  PVECTORS_28          
1     000004a0  PVECTORS_29          
1     000004a1  PVECTORS_30          
1     000004a2  PVECTORS_31          
1     000004a3  PVECTORS_32          
1     000004a4  PVECTORS_33          
1     000004a5  PVECTORS_34          
1     000004a6  PVECTORS_35          
1     000004a7  PVECTORS_36          
1     000004a8  PVECTORS_37          
1     000004a9  PVECTORS_38          
1     000004aa  PVECTORS_39          
1     000004ab  PVECTORS_40          
1     000004ac  PVECTORS_41          
1     000004ad  PVECTORS_42          
1     000004ae  PVECTORS_43          
1     000004af  PVECTORS_44          
1     000004b0  PVECTORS_45          
1     000004b1  PVECTORS_46          
1     000004b2  PVECTORS_47          
1     000004b3  PVECTORS_48          
1     000004b4  PVECTORS_49          
1     000004b5  PVECTORS_50          
1     000004b6  PVECTORS_51          
1     000004b7  PVECTORS_52          
1     000004b8  PVECTORS_53          
1     000004b9  PVECTORS_54          
1     000004ba  PVECTORS_55          
1     000004bb  PVECTORS_56          
1     000004bc  PVECTORS_57          
1     000004bd  PVECTORS_58          
1     000004be  PVECTORS_59          
1     000004bf  PVECTORS_60          
1     000004c0  PVECTORS_61          
1     000004c1  PVECTORS_62          
1     000004c2  PVECTORS_63          
1     000004c3  PVECTORS_64          
1     000004c4  PVECTORS_65          
1     000004c5  PVECTORS_66          
1     000004c6  PVECTORS_67          
1     000004c7  PVECTORS_68          
1     000004c8  PVECTORS_69          
1     000004c9  PVECTORS_70          
1     000004ca  PVECTORS_71          
1     000004cb  PVECTORS_72          
1     000004cc  PVECTORS_73          
1     000004cd  PVECTORS_74          
1     000004ce  PVECTORS_75          
1     000004cf  PVECTORS_76          
1     000004d0  PVECTORS_77          
1     000004d1  PVECTORS_78          
1     000004d2  PVECTORS_79          
1     000004d3  PVECTORS_80          
1     000004d4  PVECTORS_81          
1     000004d5  PVECTORS_82          
1     000004d6  PVECTORS_83          
1     000004d7  PVECTORS_84          
1     000004d8  PVECTORS_85          
1     000004d9  PVECTORS_86          
1     000004da  PVECTORS_87          
1     000004db  PVECTORS_88          
1     000004dc  PVECTORS_89          
1     000004dd  PVECTORS_90          
1     000004de  PVECTORS_91          
1     000004df  PVECTORS_92          
1     000004e0  PVECTORS_93          
1     000004e1  PVECTORS_94          
1     000004e2  PVECTORS_95          
1     000004e3  PVECTORS_96          
1     000004e4  PVECTORS_97          
1     000004e5  PVECTORS_98          
1     000004e6  PVECTORS_99          
1     000004e7  PVECTORS_100         
1     000004e8  PVECTORS_101         
1     000004e9  PVECTORS_102         
1     000004ea  PVECTORS_103         
1     000004eb  PVECTORS_104         
1     000004ec  PVECTORS_105         
1     000004ed  PVECTORS_106         
1     000004ee  PVECTORS_107         
1     000004ef  PVECTORS_108         
1     000004f0  PVECTORS_109         
1     000004f1  PVECTORS_110         
1     000004f2  PVECTORS_111         
1     000004f3  PVECTORS_112         
1     000004f4  PVECTORS_113         
1     000004f5  PVECTORS_114         
1     000004f6  PVECTORS_115         
1     000004f7  PVECTORS_116         
1     000004f8  PVECTORS_117         
1     000004f9  PVECTORS_118         
1     000004fa  PVECTORS_119         
1     000004fb  PVECTORS_120         
1     000004fc  PVECTORS_121         
1     000004fd  PVECTORS_122         
1     000004fe  PVECTORS_123         
1     000004ff  PVECTORS_124         
1     00000500  PVECTORS_125         
1     00000501  PVECTORS_126         
1     00000502  PVECTORS_127         
1     00000503  PVECTORS_128         
1     00000504  PVECTORS_129         
1     00000505  PVECTORS_130         
1     00000506  PVECTORS_131         
1     00000507  PVECTORS_132         
1     00000508  PVECTORS_133         
1     00000509  PVECTORS_134         
1     0000050a  PVECTORS_135         
1     0000050b  PVECTORS_136         
1     0000050c  PVECTORS_137         
1     0000050d  PVECTORS_138         
1     0000050e  PVECTORS_139         
1     0000050f  PVECTORS_140         
1     00000510  PVECTORS_141         
1     00000511  PVECTORS_142         
1     00000512  PVECTORS_143         
1     00000513  PVECTORS_144         
1     00000514  PVECTORS_145         
1     00000515  PVECTORS_146         
1     00000516  PVECTORS_147         
1     00000517  PVECTORS_148         
1     00000518  PVECTORS_149         
1     00000519  PVECTORS_150         
1     0000051a  PVECTORS_151         
1     0000051b  PVECTORS_152         
1     0000051c  PVECTORS_153         
1     0000051d  PVECTORS_154         
1     0000051e  PVECTORS_155         
1     0000051f  PVECTORS_156         
1     00000520  PVECTORS_157         
1     00000521  PVECTORS_158         
1     00000522  PVECTORS_159         
1     00000523  PVECTORS_160         
1     00000524  PVECTORS_161         
1     00000525  PVECTORS_162         
1     00000526  PVECTORS_163         
1     00000527  PVECTORS_164         
1     00000528  PVECTORS_165         
1     00000529  PVECTORS_166         
1     0000052a  PVECTORS_167         
1     0000052b  PVECTORS_168         
1     0000052c  PVECTORS_169         
1     0000052d  PVECTORS_170         
1     0000052e  PVECTORS_171         
1     0000052f  PVECTORS_172         
1     00000530  PVECTORS_173         
1     00000531  PVECTORS_174         
1     00000532  PVECTORS_175         
1     00000533  PVECTORS_176         
1     00000534  PVECTORS_177         
1     00000535  PVECTORS_178         
1     00000536  PVECTORS_179         
1     00000537  PVECTORS_180         
1     00000538  PVECTORS_181         
1     00000539  PVECTORS_182         
1     0000053a  PVECTORS_183         
1     0000053b  PVECTORS_184         
1     0000053c  PVECTORS_185         
1     0000053d  PVECTORS_186         
1     0000053e  PVECTORS_187         
1     0000053f  PVECTORS_188         
1     00000540  PVECTORS_189         
1     00000541  PVECTORS_190         
1     00000542  PVECTORS_191         
1     00000543  PVECTORS_192         
1     00000544  PVECTORS_193         
1     00000545  PVECTORS_194         
1     00000546  PVECTORS_195         
1     00000547  PVECTORS_196         
1     00000548  PVECTORS_197         
1     00000549  PVECTORS_198         
1     0000054a  PVECTORS_199         
1     0000054b  PVECTORS_200         
1     0000054c  PVECTORS_201         
1     0000054d  PVECTORS_202         
1     0000054e  PVECTORS_203         
1     0000054f  PVECTORS_204         
1     00000550  PVECTORS_205         
1     00000551  PVECTORS_206         
1     00000552  PVECTORS_207         
1     00000553  PVECTORS_208         
1     00000554  PVECTORS_209         
1     00000555  PVECTORS_210         
1     00000556  PVECTORS_211         
1     00000557  PVECTORS_212         
1     00000558  PVECTORS_213         
1     00000559  PVECTORS_214         
1     0000055a  PVECTORS_215         
1     0000055b  PVECTORS_216         
1     0000055c  PVECTORS_217         
1     0000055d  PVECTORS_218         
1     0000055e  PVECTORS_219         
1     0000055f  PVECTORS_220         
1     00000560  PVECTORS_221         
1     00000561  PVECTORS_222         
1     00000562  PVECTORS_223         
1     00000563  PVECTORS_14          
1     00000637  PVECTORS_13          
1     00000656  ___etext__           
1     00000656  etext                
abs   ffffffff  ___TI_pprof_out_hndl 
abs   ffffffff  ___TI_prof_data_size 
abs   ffffffff  ___TI_prof_data_start
abs   ffffffff  ___binit__           
abs   ffffffff  ___c_args__          
abs   ffffffff  ___cinit__           
abs   ffffffff  ___pinit__           
abs   ffffffff  binit                
abs   ffffffff  cinit                
abs   ffffffff  pinit                

[238 symbols]
